[25-May-2025 05:05:57 Europe/Berlin] PHP Warning:  mysqli_connect(): (HY000/2002): No connection could be made because the target machine actively refused it in C:\xampp\htdocs\new_php2\register.php on line 30
[25-May-2025 05:05:57 Europe/Berlin] Database connection failed: No connection could be made because the target machine actively refused it
[25-May-2025 05:06:15 Europe/Berlin] PHP Warning:  mysqli_connect(): (HY000/2002): No connection could be made because the target machine actively refused it in C:\xampp\htdocs\new_php2\login.php on line 22
[25-May-2025 05:06:15 Europe/Berlin] Database connection failed: No connection could be made because the target machine actively refused it
[25-May-2025 05:07:39 Europe/Berlin] PHP Notice:  session_start(): Ignoring session_start() because a session is already active in C:\xampp\htdocs\new_php2\dashboard.php on line 9
[25-May-2025 05:08:26 Europe/Berlin] PHP Notice:  session_start(): Ignoring session_start() because a session is already active in C:\xampp\htdocs\new_php2\dashboard.php on line 9
[25-May-2025 05:11:30 Europe/Berlin] PHP Notice:  session_start(): Ignoring session_start() because a session is already active in C:\xampp\htdocs\new_php2\dashboard.php on line 9
[25-May-2025 05:11:35 Europe/Berlin] PHP Notice:  session_start(): Ignoring session_start() because a session is already active in C:\xampp\htdocs\new_php2\dashboard.php on line 9
[25-May-2025 05:11:37 Europe/Berlin] PHP Notice:  session_start(): Ignoring session_start() because a session is already active in C:\xampp\htdocs\new_php2\dashboard.php on line 9
[25-May-2025 05:11:37 Europe/Berlin] PHP Notice:  session_start(): Ignoring session_start() because a session is already active in C:\xampp\htdocs\new_php2\dashboard.php on line 9
[25-May-2025 05:11:39 Europe/Berlin] PHP Notice:  session_start(): Ignoring session_start() because a session is already active in C:\xampp\htdocs\new_php2\dashboard.php on line 9
[25-May-2025 05:11:40 Europe/Berlin] PHP Notice:  session_start(): Ignoring session_start() because a session is already active in C:\xampp\htdocs\new_php2\dashboard.php on line 9
[25-May-2025 05:11:40 Europe/Berlin] PHP Notice:  session_start(): Ignoring session_start() because a session is already active in C:\xampp\htdocs\new_php2\dashboard.php on line 9
[25-May-2025 05:12:45 Europe/Berlin] PHP Notice:  session_start(): Ignoring session_start() because a session is already active in C:\xampp\htdocs\new_php2\dashboard.php on line 9
[25-May-2025 05:12:46 Europe/Berlin] PHP Notice:  session_start(): Ignoring session_start() because a session is already active in C:\xampp\htdocs\new_php2\dashboard.php on line 9
[25-May-2025 05:13:39 Europe/Berlin] PHP Notice:  session_start(): Ignoring session_start() because a session is already active in C:\xampp\htdocs\new_php2\dashboard.php on line 9
[25-May-2025 05:15:38 Europe/Berlin] PHP Notice:  session_start(): Ignoring session_start() because a session is already active in C:\xampp\htdocs\new_php2\dashboard.php on line 9
[25-May-2025 05:15:43 Europe/Berlin] PHP Notice:  session_start(): Ignoring session_start() because a session is already active in C:\xampp\htdocs\new_php2\dashboard.php on line 9
[25-May-2025 05:15:44 Europe/Berlin] PHP Notice:  session_start(): Ignoring session_start() because a session is already active in C:\xampp\htdocs\new_php2\dashboard.php on line 9
[25-May-2025 05:15:47 Europe/Berlin] PHP Notice:  session_start(): Ignoring session_start() because a session is already active in C:\xampp\htdocs\new_php2\dashboard.php on line 9
[25-May-2025 05:15:48 Europe/Berlin] PHP Notice:  session_start(): Ignoring session_start() because a session is already active in C:\xampp\htdocs\new_php2\dashboard.php on line 9
[25-May-2025 05:15:48 Europe/Berlin] PHP Notice:  session_start(): Ignoring session_start() because a session is already active in C:\xampp\htdocs\new_php2\dashboard.php on line 9
[25-May-2025 05:15:49 Europe/Berlin] PHP Notice:  session_start(): Ignoring session_start() because a session is already active in C:\xampp\htdocs\new_php2\dashboard.php on line 9
[25-May-2025 05:15:49 Europe/Berlin] PHP Notice:  session_start(): Ignoring session_start() because a session is already active in C:\xampp\htdocs\new_php2\dashboard.php on line 9
[25-May-2025 05:15:50 Europe/Berlin] PHP Notice:  session_start(): Ignoring session_start() because a session is already active in C:\xampp\htdocs\new_php2\dashboard.php on line 9
[25-May-2025 05:15:52 Europe/Berlin] PHP Notice:  session_start(): Ignoring session_start() because a session is already active in C:\xampp\htdocs\new_php2\dashboard.php on line 9
[25-May-2025 05:15:54 Europe/Berlin] PHP Notice:  session_start(): Ignoring session_start() because a session is already active in C:\xampp\htdocs\new_php2\dashboard.php on line 9
[25-May-2025 05:15:56 Europe/Berlin] PHP Notice:  session_start(): Ignoring session_start() because a session is already active in C:\xampp\htdocs\new_php2\dashboard.php on line 9
[25-May-2025 05:15:58 Europe/Berlin] PHP Notice:  session_start(): Ignoring session_start() because a session is already active in C:\xampp\htdocs\new_php2\dashboard.php on line 9
[25-May-2025 05:16:40 Europe/Berlin] PHP Notice:  session_start(): Ignoring session_start() because a session is already active in C:\xampp\htdocs\new_php2\dashboard.php on line 9
[25-May-2025 05:16:41 Europe/Berlin] PHP Notice:  session_start(): Ignoring session_start() because a session is already active in C:\xampp\htdocs\new_php2\dashboard.php on line 9
[25-May-2025 05:16:42 Europe/Berlin] PHP Notice:  session_start(): Ignoring session_start() because a session is already active in C:\xampp\htdocs\new_php2\dashboard.php on line 9
[25-May-2025 05:16:43 Europe/Berlin] PHP Notice:  session_start(): Ignoring session_start() because a session is already active in C:\xampp\htdocs\new_php2\dashboard.php on line 9
[25-May-2025 05:16:44 Europe/Berlin] PHP Notice:  session_start(): Ignoring session_start() because a session is already active in C:\xampp\htdocs\new_php2\dashboard.php on line 9
[25-May-2025 05:17:38 Europe/Berlin] PHP Notice:  session_start(): Ignoring session_start() because a session is already active in C:\xampp\htdocs\new_php2\dashboard.php on line 9
[25-May-2025 05:17:41 Europe/Berlin] PHP Notice:  session_start(): Ignoring session_start() because a session is already active in C:\xampp\htdocs\new_php2\dashboard.php on line 9
[25-May-2025 05:17:42 Europe/Berlin] PHP Notice:  session_start(): Ignoring session_start() because a session is already active in C:\xampp\htdocs\new_php2\dashboard.php on line 9
[25-May-2025 05:17:45 Europe/Berlin] PHP Notice:  session_start(): Ignoring session_start() because a session is already active in C:\xampp\htdocs\new_php2\dashboard.php on line 9
[25-May-2025 05:18:17 Europe/Berlin] PHP Notice:  session_start(): Ignoring session_start() because a session is already active in C:\xampp\htdocs\new_php2\dashboard.php on line 9
[25-May-2025 05:18:19 Europe/Berlin] PHP Notice:  session_start(): Ignoring session_start() because a session is already active in C:\xampp\htdocs\new_php2\dashboard.php on line 9
[25-May-2025 05:18:20 Europe/Berlin] PHP Notice:  session_start(): Ignoring session_start() because a session is already active in C:\xampp\htdocs\new_php2\dashboard.php on line 9
[25-May-2025 05:18:21 Europe/Berlin] PHP Notice:  session_start(): Ignoring session_start() because a session is already active in C:\xampp\htdocs\new_php2\dashboard.php on line 9
[25-May-2025 05:18:21 Europe/Berlin] PHP Notice:  session_start(): Ignoring session_start() because a session is already active in C:\xampp\htdocs\new_php2\dashboard.php on line 9
[25-May-2025 05:18:22 Europe/Berlin] PHP Notice:  session_start(): Ignoring session_start() because a session is already active in C:\xampp\htdocs\new_php2\dashboard.php on line 9
[25-May-2025 05:18:22 Europe/Berlin] PHP Notice:  session_start(): Ignoring session_start() because a session is already active in C:\xampp\htdocs\new_php2\dashboard.php on line 9
[25-May-2025 05:18:22 Europe/Berlin] PHP Notice:  session_start(): Ignoring session_start() because a session is already active in C:\xampp\htdocs\new_php2\dashboard.php on line 9
[25-May-2025 05:19:12 Europe/Berlin] PHP Notice:  session_start(): Ignoring session_start() because a session is already active in C:\xampp\htdocs\new_php2\dashboard.php on line 9
[25-May-2025 05:19:26 Europe/Berlin] PHP Notice:  session_start(): Ignoring session_start() because a session is already active in C:\xampp\htdocs\new_php2\dashboard.php on line 9
[25-May-2025 05:19:37 Europe/Berlin] PHP Notice:  session_start(): Ignoring session_start() because a session is already active in C:\xampp\htdocs\new_php2\dashboard.php on line 9
[25-May-2025 05:19:45 Europe/Berlin] PHP Notice:  session_start(): Ignoring session_start() because a session is already active in C:\xampp\htdocs\new_php2\dashboard.php on line 9
[25-May-2025 11:26:45 Europe/Berlin] PHP Warning:  mysqli_connect(): (HY000/1049): Unknown database 'masked_intel' in C:\xampp\htdocs\new_php2\login.php on line 22
[25-May-2025 11:26:45 Europe/Berlin] Database connection failed: Unknown database 'masked_intel'
[25-May-2025 11:40:23 Europe/Berlin] PHP Fatal error:  Uncaught Error: Call to a member function bind_param() on bool in C:\xampp\htdocs\new_php2\login.php:29
Stack trace:
#0 {main}
  thrown in C:\xampp\htdocs\new_php2\login.php on line 29
[25-May-2025 11:49:36 Europe/Berlin] PHP Warning:  ini_set(): Session ini settings cannot be changed when a session is active in C:\xampp\htdocs\new_php2\config.php on line 22
[25-May-2025 11:49:36 Europe/Berlin] PHP Warning:  ini_set(): Session ini settings cannot be changed when a session is active in C:\xampp\htdocs\new_php2\config.php on line 23
[25-May-2025 11:49:36 Europe/Berlin] PHP Warning:  ini_set(): Session ini settings cannot be changed when a session is active in C:\xampp\htdocs\new_php2\config.php on line 24
[25-May-2025 11:49:36 Europe/Berlin] PHP Warning:  ini_set(): Session ini settings cannot be changed when a session is active in C:\xampp\htdocs\new_php2\config.php on line 25
[25-May-2025 11:49:36 Europe/Berlin] PHP Warning:  ini_set(): Session ini settings cannot be changed when a session is active in C:\xampp\htdocs\new_php2\config.php on line 26
[25-May-2025 11:49:36 Europe/Berlin] PHP Warning:  session_name(): Session name cannot be changed when a session is active in C:\xampp\htdocs\new_php2\config.php on line 30
[25-May-2025 11:49:36 Europe/Berlin] PHP Notice:  session_start(): Ignoring session_start() because a session is already active in C:\xampp\htdocs\new_php2\config.php on line 31
[25-May-2025 11:50:03 Europe/Berlin] PHP Warning:  ini_set(): Session ini settings cannot be changed when a session is active in C:\xampp\htdocs\new_php2\config.php on line 22
[25-May-2025 11:50:03 Europe/Berlin] PHP Warning:  ini_set(): Session ini settings cannot be changed when a session is active in C:\xampp\htdocs\new_php2\config.php on line 23
[25-May-2025 11:50:03 Europe/Berlin] PHP Warning:  ini_set(): Session ini settings cannot be changed when a session is active in C:\xampp\htdocs\new_php2\config.php on line 24
[25-May-2025 11:50:03 Europe/Berlin] PHP Warning:  ini_set(): Session ini settings cannot be changed when a session is active in C:\xampp\htdocs\new_php2\config.php on line 25
[25-May-2025 11:50:03 Europe/Berlin] PHP Warning:  ini_set(): Session ini settings cannot be changed when a session is active in C:\xampp\htdocs\new_php2\config.php on line 26
[25-May-2025 11:50:03 Europe/Berlin] PHP Warning:  session_name(): Session name cannot be changed when a session is active in C:\xampp\htdocs\new_php2\config.php on line 30
[25-May-2025 11:50:03 Europe/Berlin] PHP Notice:  session_start(): Ignoring session_start() because a session is already active in C:\xampp\htdocs\new_php2\config.php on line 31
[25-May-2025 12:07:27 Europe/Berlin] PHP Fatal error:  Uncaught Error: Call to a member function bind_param() on bool in C:\xampp\htdocs\new_php2\register.php:49
Stack trace:
#0 {main}
  thrown in C:\xampp\htdocs\new_php2\register.php on line 49
[25-May-2025 12:12:14 Europe/Berlin] Database connection successful
[25-May-2025 12:12:14 Europe/Berlin] Preparing query: SELECT id FROM users WHERE email = ?
[25-May-2025 12:12:14 Europe/Berlin] PHP Fatal error:  Uncaught Error: Call to a member function bind_param() on bool in C:\xampp\htdocs\new_php2\register.php:59
Stack trace:
#0 {main}
  thrown in C:\xampp\htdocs\new_php2\register.php on line 59
[25-May-2025 12:16:35 Europe/Berlin] Registration - Database connection successful
[25-May-2025 12:16:35 Europe/Berlin] Registration - Preparing query: SELECT id FROM users WHERE email = ?
[25-May-2025 12:16:35 Europe/Berlin] Registration - Binding parameters
[25-May-2025 12:16:35 Europe/Berlin] Registration - Executing query
[25-May-2025 12:16:35 Europe/Berlin] Registration - Query executed successfully
[25-May-2025 12:16:35 Europe/Berlin] Registration - Preparing insert query: INSERT INTO users (email, password, user_type) VALUES (?, ?, 'user')
[25-May-2025 12:16:35 Europe/Berlin] Registration - Binding insert parameters
[25-May-2025 12:16:35 Europe/Berlin] Registration - Executing insert
[25-May-2025 12:16:35 Europe/Berlin] Registration - User registered successfully
[25-May-2025 12:22:34 Europe/Berlin] Registration - Database connection successful
[25-May-2025 12:22:34 Europe/Berlin] Registration - Preparing query: SELECT id FROM users WHERE email = ?
[25-May-2025 12:22:34 Europe/Berlin] Registration - Binding parameters
[25-May-2025 12:22:34 Europe/Berlin] Registration - Executing query
[25-May-2025 12:22:34 Europe/Berlin] Registration - Query executed successfully
[25-May-2025 12:22:34 Europe/Berlin] Registration - Preparing insert query: INSERT INTO users (email, password, user_type) VALUES (?, ?, 'user')
[25-May-2025 12:22:34 Europe/Berlin] Registration - Binding insert parameters
[25-May-2025 12:22:34 Europe/Berlin] Registration - Executing insert
[25-May-2025 12:22:34 Europe/Berlin] Registration - User registered successfully
[25-May-2025 12:31:38 Europe/Berlin] Registration - Database connection successful
[25-May-2025 12:31:38 Europe/Berlin] Registration - Preparing query: SELECT id FROM users WHERE email = ?
[25-May-2025 12:31:38 Europe/Berlin] Registration - Binding parameters
[25-May-2025 12:31:38 Europe/Berlin] Registration - Executing query
[25-May-2025 12:31:38 Europe/Berlin] Registration - Query executed successfully
[25-May-2025 12:31:38 Europe/Berlin] Registration - Preparing insert query: INSERT INTO users (email, password, user_type) VALUES (?, ?, ?)
[25-May-2025 12:31:38 Europe/Berlin] Registration - Binding insert parameters
[25-May-2025 12:31:38 Europe/Berlin] Registration - Executing insert
[25-May-2025 12:31:38 Europe/Berlin] Registration - User registered successfully
[25-May-2025 12:32:01 Europe/Berlin] PHP Warning:  Undefined array key "roll" in C:\xampp\htdocs\new_php2\login.php on line 6
[25-May-2025 12:37:58 Europe/Berlin] Registration - Database connection successful
[25-May-2025 12:37:58 Europe/Berlin] Registration - Preparing query: SELECT id FROM users WHERE email = ?
[25-May-2025 12:37:58 Europe/Berlin] Registration - Binding parameters
[25-May-2025 12:37:58 Europe/Berlin] Registration - Executing query
[25-May-2025 12:37:58 Europe/Berlin] Registration - Query executed successfully
[25-May-2025 12:38:17 Europe/Berlin] Login - Database connection successful
[25-May-2025 12:38:17 Europe/Berlin] Login - Preparing query: SELECT * FROM users WHERE email = ?
[25-May-2025 12:38:17 Europe/Berlin] Login attempt for email: shanini682@gmail.com
[25-May-2025 12:38:17 Europe/Berlin] Password verification failed for email: shanini682@gmail.com
[25-May-2025 12:38:41 Europe/Berlin] Registration - Database connection successful
[25-May-2025 12:38:41 Europe/Berlin] Registration - Preparing query: SELECT id FROM users WHERE email = ?
[25-May-2025 12:38:41 Europe/Berlin] Registration - Binding parameters
[25-May-2025 12:38:41 Europe/Berlin] Registration - Executing query
[25-May-2025 12:38:41 Europe/Berlin] Registration - Query executed successfully
[25-May-2025 12:38:41 Europe/Berlin] Registration - Preparing insert query: INSERT INTO users (email, password, user_type) VALUES (?, ?, ?)
[25-May-2025 12:38:41 Europe/Berlin] Registration - Binding insert parameters
[25-May-2025 12:38:41 Europe/Berlin] Registration - Executing insert
[25-May-2025 12:38:41 Europe/Berlin] Registration - User registered successfully
[25-May-2025 12:39:12 Europe/Berlin] PHP Warning:  Undefined array key "roll" in C:\xampp\htdocs\new_php2\login.php on line 6
[25-May-2025 12:39:40 Europe/Berlin] PHP Warning:  Undefined array key "roll" in C:\xampp\htdocs\new_php2\admin.php on line 5
[25-May-2025 12:39:40 Europe/Berlin] PHP Warning:  Undefined array key "roll" in C:\xampp\htdocs\new_php2\login.php on line 6
[25-May-2025 12:40:06 Europe/Berlin] PHP Warning:  Undefined array key "roll" in C:\xampp\htdocs\new_php2\admin.php on line 5
[25-May-2025 12:40:06 Europe/Berlin] PHP Warning:  Undefined array key "roll" in C:\xampp\htdocs\new_php2\login.php on line 6
[25-May-2025 12:44:59 Europe/Berlin] Registration - Database connection successful
[25-May-2025 12:44:59 Europe/Berlin] Registration - Preparing query: SELECT id FROM users WHERE email = ?
[25-May-2025 12:44:59 Europe/Berlin] Registration - Binding parameters
[25-May-2025 12:44:59 Europe/Berlin] Registration - Executing query
[25-May-2025 12:44:59 Europe/Berlin] Registration - Query executed successfully
[25-May-2025 12:45:23 Europe/Berlin] Registration - Database connection successful
[25-May-2025 12:45:23 Europe/Berlin] Registration - Preparing query: SELECT id FROM users WHERE email = ?
[25-May-2025 12:45:23 Europe/Berlin] Registration - Binding parameters
[25-May-2025 12:45:23 Europe/Berlin] Registration - Executing query
[25-May-2025 12:45:23 Europe/Berlin] Registration - Query executed successfully
[25-May-2025 12:46:16 Europe/Berlin] Login - Database connection successful
[25-May-2025 12:46:16 Europe/Berlin] Login - Preparing query: SELECT * FROM users WHERE email = ?
[25-May-2025 12:46:16 Europe/Berlin] No user found with email: ninisha682@gmail.com
[25-May-2025 12:46:39 Europe/Berlin] Registration - Database connection successful
[25-May-2025 12:46:39 Europe/Berlin] Registration - Preparing query: SELECT id FROM users WHERE email = ?
[25-May-2025 12:46:39 Europe/Berlin] Registration - Binding parameters
[25-May-2025 12:46:39 Europe/Berlin] Registration - Executing query
[25-May-2025 12:46:39 Europe/Berlin] Registration - Query executed successfully
[25-May-2025 12:46:39 Europe/Berlin] Registration - Preparing insert query: INSERT INTO users (email, password, user_type) VALUES (?, ?, ?)
[25-May-2025 12:46:39 Europe/Berlin] Registration - Binding insert parameters
[25-May-2025 12:46:39 Europe/Berlin] Registration - Executing insert
[25-May-2025 12:46:40 Europe/Berlin] Registration - User registered successfully
[25-May-2025 12:46:58 Europe/Berlin] PHP Warning:  Undefined array key "roll" in C:\xampp\htdocs\new_php2\login.php on line 6
[25-May-2025 12:47:22 Europe/Berlin] PHP Warning:  Undefined array key "roll" in C:\xampp\htdocs\new_php2\admin.php on line 5
[25-May-2025 12:47:22 Europe/Berlin] PHP Warning:  Undefined array key "roll" in C:\xampp\htdocs\new_php2\login.php on line 6
[25-May-2025 13:00:41 Europe/Berlin] Registration - Database connection successful
[25-May-2025 13:00:41 Europe/Berlin] Registration - Preparing query: SELECT id FROM users WHERE email = ?
[25-May-2025 13:00:41 Europe/Berlin] Registration - Binding parameters
[25-May-2025 13:00:41 Europe/Berlin] Registration - Executing query
[25-May-2025 13:00:41 Europe/Berlin] Registration - Query executed successfully
[25-May-2025 13:00:42 Europe/Berlin] Registration - Preparing insert query: INSERT INTO users (email, password, user_type) VALUES (?, ?, ?)
[25-May-2025 13:00:42 Europe/Berlin] Registration - Binding insert parameters
[25-May-2025 13:00:42 Europe/Berlin] Registration - Executing insert
[25-May-2025 13:00:42 Europe/Berlin] Registration - User registered successfully
[25-May-2025 13:00:42 Europe/Berlin] PHP Warning:  Undefined array key "roll" in C:\xampp\htdocs\new_php2\dashboard.php on line 5
[25-May-2025 13:05:50 Europe/Berlin] PHP Warning:  Undefined array key "roll" in C:\xampp\htdocs\new_php2\dashboard.php on line 5
[25-May-2025 13:07:46 Europe/Berlin] PHP Warning:  Undefined array key "roll" in C:\xampp\htdocs\new_php2\admin.php on line 5
[25-May-2025 13:07:46 Europe/Berlin] PHP Warning:  Undefined array key "roll" in C:\xampp\htdocs\new_php2\login.php on line 6
[25-May-2025 13:07:46 Europe/Berlin] PHP Warning:  Undefined array key "roll" in C:\xampp\htdocs\new_php2\dashboard.php on line 5
[25-May-2025 13:11:38 Europe/Berlin] Registration - Database connection successful
[25-May-2025 13:11:38 Europe/Berlin] Registration - Preparing query: SELECT id FROM users WHERE email = ?
[25-May-2025 13:11:38 Europe/Berlin] Registration - Binding parameters
[25-May-2025 13:11:38 Europe/Berlin] Registration - Executing query
[25-May-2025 13:11:38 Europe/Berlin] Registration - Query executed successfully
[25-May-2025 13:11:38 Europe/Berlin] Registration - Preparing insert query: INSERT INTO users (email, password, user_type) VALUES (?, ?, ?)
[25-May-2025 13:11:38 Europe/Berlin] Registration - Binding insert parameters
[25-May-2025 13:11:38 Europe/Berlin] Registration - Executing insert
[25-May-2025 13:11:38 Europe/Berlin] Registration - User registered successfully
[25-May-2025 13:11:38 Europe/Berlin] PHP Warning:  Undefined array key "roll" in C:\xampp\htdocs\new_php2\dashboard.php on line 5
[25-May-2025 13:15:06 Europe/Berlin] PHP Warning:  Undefined array key "roll" in C:\xampp\htdocs\new_php2\dashboard.php on line 5
[25-May-2025 13:16:10 Europe/Berlin] PHP Warning:  Undefined array key "roll" in C:\xampp\htdocs\new_php2\admin.php on line 5
[25-May-2025 13:16:10 Europe/Berlin] PHP Warning:  Undefined array key "roll" in C:\xampp\htdocs\new_php2\login.php on line 6
[25-May-2025 13:16:10 Europe/Berlin] PHP Warning:  Undefined array key "roll" in C:\xampp\htdocs\new_php2\dashboard.php on line 5
[25-May-2025 13:17:56 Europe/Berlin] PHP Warning:  Undefined array key "roll" in C:\xampp\htdocs\new_php2\dashboard.php on line 5
[25-May-2025 13:18:19 Europe/Berlin] PHP Warning:  Undefined array key "roll" in C:\xampp\htdocs\new_php2\admin.php on line 5
[25-May-2025 13:18:19 Europe/Berlin] PHP Warning:  Undefined array key "roll" in C:\xampp\htdocs\new_php2\login.php on line 6
[25-May-2025 13:18:19 Europe/Berlin] PHP Warning:  Undefined array key "roll" in C:\xampp\htdocs\new_php2\dashboard.php on line 5
[25-May-2025 13:21:42 Europe/Berlin] PHP Warning:  Undefined array key "roll" in C:\xampp\htdocs\new_php2\login.php on line 6
[25-May-2025 13:21:42 Europe/Berlin] PHP Warning:  Undefined array key "roll" in C:\xampp\htdocs\new_php2\dashboard.php on line 5
[25-May-2025 13:24:05 Europe/Berlin] PHP Warning:  Undefined array key "roll" in C:\xampp\htdocs\new_php2\dashboard.php on line 5
[25-May-2025 13:24:12 Europe/Berlin] PHP Warning:  Undefined array key "roll" in C:\xampp\htdocs\new_php2\dashboard.php on line 5
[25-May-2025 13:27:53 Europe/Berlin] PHP Warning:  Undefined array key "roll" in C:\xampp\htdocs\new_php2\admin.php on line 10
[25-May-2025 13:28:41 Europe/Berlin] Registration - Database connection successful
[25-May-2025 13:28:41 Europe/Berlin] Registration - Preparing query: SELECT id FROM users WHERE email = ?
[25-May-2025 13:28:41 Europe/Berlin] Registration - Binding parameters
[25-May-2025 13:28:41 Europe/Berlin] Registration - Executing query
[25-May-2025 13:28:41 Europe/Berlin] Registration - Query executed successfully
[25-May-2025 13:28:41 Europe/Berlin] Registration - Preparing insert query: INSERT INTO users (email, password, user_type) VALUES (?, ?, ?)
[25-May-2025 13:28:41 Europe/Berlin] Registration - Binding insert parameters
[25-May-2025 13:28:41 Europe/Berlin] Registration - Executing insert
[25-May-2025 13:28:41 Europe/Berlin] Registration - User registered successfully
[25-May-2025 13:29:00 Europe/Berlin] PHP Warning:  Undefined array key "roll" in C:\xampp\htdocs\new_php2\login.php on line 6
[25-May-2025 13:31:55 Europe/Berlin] PHP Warning:  Undefined array key "roll" in C:\xampp\htdocs\new_php2\admin.php on line 10
[25-May-2025 13:32:46 Europe/Berlin] Registration - Database connection successful
[25-May-2025 13:32:46 Europe/Berlin] Registration - Preparing query: SELECT id FROM users WHERE email = ?
[25-May-2025 13:32:46 Europe/Berlin] Registration - Binding parameters
[25-May-2025 13:32:46 Europe/Berlin] Registration - Executing query
[25-May-2025 13:32:46 Europe/Berlin] Registration - Query executed successfully
[25-May-2025 13:32:46 Europe/Berlin] Registration - Preparing insert query: INSERT INTO users (email, password, user_type) VALUES (?, ?, ?)
[25-May-2025 13:32:46 Europe/Berlin] Registration - Binding insert parameters
[25-May-2025 13:32:46 Europe/Berlin] Registration - Executing insert
[25-May-2025 13:32:46 Europe/Berlin] Registration - User registered successfully
[25-May-2025 13:35:14 Europe/Berlin] Registration - Database connection successful
[25-May-2025 13:35:14 Europe/Berlin] Registration - Preparing query: SELECT id FROM users WHERE email = ?
[25-May-2025 13:35:14 Europe/Berlin] Registration - Binding parameters
[25-May-2025 13:35:14 Europe/Berlin] Registration - Executing query
[25-May-2025 13:35:14 Europe/Berlin] Registration - Query executed successfully
[25-May-2025 13:35:14 Europe/Berlin] Registration - Preparing insert query: INSERT INTO users (email, password, user_type) VALUES (?, ?, ?)
[25-May-2025 13:35:14 Europe/Berlin] Registration - Binding insert parameters
[25-May-2025 13:35:14 Europe/Berlin] Registration - Executing insert
[25-May-2025 13:35:14 Europe/Berlin] Registration - User registered successfully
[25-May-2025 13:38:17 Europe/Berlin] Registration - Database connection successful
[25-May-2025 13:38:17 Europe/Berlin] Registration - Preparing query: SELECT id FROM users WHERE email = ?
[25-May-2025 13:38:17 Europe/Berlin] Registration - Binding parameters
[25-May-2025 13:38:17 Europe/Berlin] Registration - Executing query
[25-May-2025 13:38:17 Europe/Berlin] Registration - Query executed successfully
[25-May-2025 13:38:17 Europe/Berlin] Registration - Preparing insert query: INSERT INTO users (email, password, user_type, roll) VALUES (?, ?, ?, ?)
[25-May-2025 13:38:17 Europe/Berlin] Registration - Binding insert parameters
[25-May-2025 13:38:17 Europe/Berlin] Registration - Executing insert
[25-May-2025 13:38:17 Europe/Berlin] Registration - User registered successfully
[25-May-2025 13:38:17 Europe/Berlin] PHP Fatal error:  Uncaught Error: Call to a member function bind_param() on bool in C:\xampp\htdocs\new_php2\admin.php:63
Stack trace:
#0 {main}
  thrown in C:\xampp\htdocs\new_php2\admin.php on line 63
[25-May-2025 13:43:01 Europe/Berlin] PHP Fatal error:  Uncaught TypeError: mysqli_fetch_all(): Argument #1 ($result) must be of type mysqli_result, bool given in C:\xampp\htdocs\new_php2\messages.php:35
Stack trace:
#0 C:\xampp\htdocs\new_php2\messages.php(35): mysqli_fetch_all(false, 1)
#1 {main}
  thrown in C:\xampp\htdocs\new_php2\messages.php on line 35
[25-May-2025 13:44:08 Europe/Berlin] Messages page error: Failed to fetch login history: Unknown column 'created_at' in 'order clause'
[25-May-2025 13:44:15 Europe/Berlin] Messages page error: Failed to fetch login history: Unknown column 'created_at' in 'order clause'
[25-May-2025 13:46:48 Europe/Berlin] Messages page error: Failed to fetch login history: Unknown column 'created_at' in 'order clause'
[25-May-2025 13:50:52 Europe/Berlin] Messages page error: Failed to fetch login history: Unknown column 'created_at' in 'order clause'
[25-May-2025 13:59:37 Europe/Berlin] Messages page error: Failed to fetch login history: Unknown column 'created_at' in 'order clause'
[25-May-2025 14:01:16 Europe/Berlin] PHP Fatal error:  Uncaught TypeError: mysqli_fetch_all(): Argument #1 ($result) must be of type mysqli_result, bool given in C:\xampp\htdocs\new_php2\messages.php:25
Stack trace:
#0 C:\xampp\htdocs\new_php2\messages.php(25): mysqli_fetch_all(false, 1)
#1 {main}
  thrown in C:\xampp\htdocs\new_php2\messages.php on line 25
[25-May-2025 14:04:25 Europe/Berlin] Registration - Database connection successful
[25-May-2025 14:04:25 Europe/Berlin] Registration - Preparing query: SELECT id FROM users WHERE email = ?
[25-May-2025 14:04:25 Europe/Berlin] Registration - Binding parameters
[25-May-2025 14:04:25 Europe/Berlin] Registration - Executing query
[25-May-2025 14:04:25 Europe/Berlin] Registration - Query executed successfully
[25-May-2025 14:04:25 Europe/Berlin] Registration - Preparing insert query: INSERT INTO users (email, password, user_type, roll) VALUES (?, ?, ?, ?)
[25-May-2025 14:04:25 Europe/Berlin] Registration - Binding insert parameters
[25-May-2025 14:04:25 Europe/Berlin] Registration - Executing insert
[25-May-2025 14:04:25 Europe/Berlin] Registration - User registered successfully
[25-May-2025 14:06:36 Europe/Berlin] Registration - Database connection successful
[25-May-2025 14:06:36 Europe/Berlin] Registration - Preparing query: SELECT id FROM users WHERE email = ?
[25-May-2025 14:06:36 Europe/Berlin] Registration - Binding parameters
[25-May-2025 14:06:36 Europe/Berlin] Registration - Executing query
[25-May-2025 14:06:36 Europe/Berlin] Registration - Query executed successfully
[25-May-2025 14:06:36 Europe/Berlin] Registration - Preparing insert query: INSERT INTO users (email, password, user_type, roll) VALUES (?, ?, ?, ?)
[25-May-2025 14:06:36 Europe/Berlin] Registration - Binding insert parameters
[25-May-2025 14:06:36 Europe/Berlin] Registration - Executing insert
[25-May-2025 14:06:36 Europe/Berlin] Registration - User registered successfully
[25-May-2025 14:22:15 Europe/Berlin] Request Method: POST
[25-May-2025 14:22:15 Europe/Berlin] POST Data: Array
(
    [name] => nini
    [email] => nini@123gmail.com
    [phone] => 08532196546
    [inquiry_type] => General Inquiry
    [message] => khgfdsert
)

[25-May-2025 14:22:15 Europe/Berlin] Sanitized Data:
[25-May-2025 14:22:15 Europe/Berlin] Name: nini
[25-May-2025 14:22:15 Europe/Berlin] Email: nini@123gmail.com
[25-May-2025 14:22:15 Europe/Berlin] Phone: 08532196546
[25-May-2025 14:22:15 Europe/Berlin] Inquiry Type: General Inquiry
[25-May-2025 14:22:15 Europe/Berlin] Message: khgfdsert
[25-May-2025 14:22:15 Europe/Berlin] Executing insert query...
[25-May-2025 14:22:15 Europe/Berlin] Message inserted successfully with ID: 4
[25-May-2025 14:42:22 Europe/Berlin] PHP Warning:  ini_set(): Session ini settings cannot be changed when a session is active in C:\xampp\htdocs\new_php2\config.php on line 22
[25-May-2025 14:42:22 Europe/Berlin] PHP Warning:  ini_set(): Session ini settings cannot be changed when a session is active in C:\xampp\htdocs\new_php2\config.php on line 23
[25-May-2025 14:42:22 Europe/Berlin] PHP Warning:  ini_set(): Session ini settings cannot be changed when a session is active in C:\xampp\htdocs\new_php2\config.php on line 24
[25-May-2025 14:42:22 Europe/Berlin] PHP Warning:  ini_set(): Session ini settings cannot be changed when a session is active in C:\xampp\htdocs\new_php2\config.php on line 25
[25-May-2025 14:42:22 Europe/Berlin] PHP Warning:  ini_set(): Session ini settings cannot be changed when a session is active in C:\xampp\htdocs\new_php2\config.php on line 26
[25-May-2025 14:42:22 Europe/Berlin] PHP Warning:  session_name(): Session name cannot be changed when a session is active in C:\xampp\htdocs\new_php2\config.php on line 30
[25-May-2025 14:42:22 Europe/Berlin] PHP Notice:  session_start(): Ignoring session_start() because a session is already active in C:\xampp\htdocs\new_php2\config.php on line 31
